// Jest Snapshot v1, https://goo.gl/fbAQLP

exports[`Ratings Component matches snapshot 1`] = `
<div
  className="ratings"
  data-testid="ratings-comp"
>
  <h5>
    RATINGS & REVIEWS
  </h5>
  <div
    id="num-stars"
  >
    <span
      id="num"
    >
      <strong>
        3.8
      </strong>
    </span>
    <div
      className="star-rating"
    >
      <div
        className="empty-stars"
      />
      <div
        className="full-stars"
        style={
          Object {
            "width": "76%",
          }
        }
      />
    </div>
  </div>
  <p>
    79
    % of reviews recommend this product
  </p>
  <div
    className="progress-bar"
  >
    <div>
      <u>
        5
         stars
      </u>
    </div>
    <div
      className="whole-bar"
    >
      <div
        className="partial-bar"
        style={
          Object {
            "width": "33%",
          }
        }
      />
    </div>
  </div>
  <div
    className="progress-bar"
  >
    <div>
      <u>
        4
         stars
      </u>
    </div>
    <div
      className="whole-bar"
    >
      <div
        className="partial-bar"
        style={
          Object {
            "width": "32%",
          }
        }
      />
    </div>
  </div>
  <div
    className="progress-bar"
  >
    <div>
      <u>
        3
         stars
      </u>
    </div>
    <div
      className="whole-bar"
    >
      <div
        className="partial-bar"
        style={
          Object {
            "width": "24%",
          }
        }
      />
    </div>
  </div>
  <div
    className="progress-bar"
  >
    <div>
      <u>
        2
         stars
      </u>
    </div>
    <div
      className="whole-bar"
    >
      <div
        className="partial-bar"
        style={
          Object {
            "width": "4%",
          }
        }
      />
    </div>
  </div>
  <div
    className="progress-bar"
  >
    <div>
      <u>
        1
         stars
      </u>
    </div>
    <div
      className="whole-bar"
    >
      <div
        className="partial-bar"
        style={
          Object {
            "width": "7%",
          }
        }
      />
    </div>
  </div>
  <div
    className="range"
  >
    <div
      className="characteristics"
    >
      <h6>
        Fit
      </h6>
      <input
        list="ticks-size"
        max="100"
        min="0"
        readOnly={true}
        type="range"
        value={53.333333333333336}
      />
      <datalist
        id="ticks-size"
      >
        <option
          value="33"
        />
        <option
          value="66"
        />
      </datalist>
    </div>
    <div
      className="characteristics"
    >
      <h6>
        Length
      </h6>
      <input
        list="ticks-size"
        max="100"
        min="0"
        readOnly={true}
        type="range"
        value={55.80645161290323}
      />
      <datalist
        id="ticks-size"
      >
        <option
          value="33"
        />
        <option
          value="66"
        />
      </datalist>
    </div>
    <div
      className="characteristics"
    >
      <h6>
        Comfort
      </h6>
      <input
        list="ticks-size"
        max="100"
        min="0"
        readOnly={true}
        type="range"
        value={57.460317460317455}
      />
      <datalist
        id="ticks-size"
      >
        <option
          value="33"
        />
        <option
          value="66"
        />
      </datalist>
    </div>
    <div
      className="characteristics"
    >
      <h6>
        Quality
      </h6>
      <input
        list="ticks-size"
        max="100"
        min="0"
        readOnly={true}
        type="range"
        value={62.53968253968254}
      />
      <datalist
        id="ticks-size"
      >
        <option
          value="33"
        />
        <option
          value="66"
        />
      </datalist>
    </div>
  </div>
</div>
`;
